[0m22:45:20.796844 [debug] [MainThread]: Sending event: {'category': 'dbt', 'action': 'invocation', 'label': 'start', 'context': [<snowplow_tracker.self_describing_json.SelfDescribingJson object at 0x75a83f05f9b0>, <snowplow_tracker.self_describing_json.SelfDescribingJson object at 0x75a83e2dcd70>, <snowplow_tracker.self_describing_json.SelfDescribingJson object at 0x75a83dc1b260>]}


============================== 22:45:20.870084 | 25a493ca-ca20-4970-b176-5c669ebbf219 ==============================
[0m22:45:20.870084 [info ] [MainThread]: Running with dbt=1.11.4
[0m22:45:20.871437 [debug] [MainThread]: running dbt with arguments {'partial_parse': 'True', 'log_path': 'logs', 'empty': 'None', 'invocation_command': 'dbt init', 'log_cache_events': 'False', 'cache_selected_only': 'False', 'static_parser': 'True', 'use_colors': 'True', 'version_check': 'True', 'use_experimental_parser': 'False', 'warn_error_options': 'WarnErrorOptionsV2(error=[], warn=[], silence=[])', 'target_path': 'None', 'printer_width': '80', 'debug': 'False', 'warn_error': 'None', 'log_format': 'default', 'introspect': 'True', 'send_anonymous_usage_stats': 'True', 'indirect_selection': 'eager', 'profiles_dir': '/home/cabetico/.dbt', 'quiet': 'False', 'write_json': 'True', 'fail_fast': 'False', 'no_print': 'None'}
[0m22:45:21.396899 [info ] [MainThread]: Creating dbt configuration folder at /home/cabetico/.dbt
[0m22:45:27.450219 [debug] [MainThread]: Starter project path: /mnt/c/Users/Carlos/Desktop/projects/data-engineering-zoomcamp-2026/04-analytics-engineering/.venv/lib/python3.12/site-packages/dbt/include/starter_project
[0m22:45:27.731536 [info ] [MainThread]: 
Your new dbt project "dtc" was created!

For more information on how to configure the profiles.yml file,
please consult the dbt documentation here:

  https://docs.getdbt.com/docs/configure-your-profile

One more thing:

Need help? Don't hesitate to reach out to us via GitHub issues or on Slack:

  https://community.getdbt.com/

Happy modeling!

[0m22:45:27.732730 [info ] [MainThread]: Setting up your profile.
[0m22:51:22.321794 [info ] [MainThread]: Profile dtc written to /home/cabetico/.dbt/profiles.yml using target's profile_template.yml and your supplied values. Run 'dbt debug' to validate the connection.
[0m22:51:22.323808 [debug] [MainThread]: Resource report: {"command_name": "init", "command_success": true, "command_wall_clock_time": 361.60196, "process_in_blocks": "181824", "process_kernel_time": 17.508928, "process_mem_max_rss": "388440", "process_out_blocks": "8", "process_user_time": 24.717201}
[0m22:51:22.325308 [debug] [MainThread]: Command `dbt init` succeeded at 22:51:22.325151 after 361.60 seconds
[0m22:51:22.326381 [debug] [MainThread]: Sending event: {'category': 'dbt', 'action': 'invocation', 'label': 'end', 'context': [<snowplow_tracker.self_describing_json.SelfDescribingJson object at 0x75a83daf7b60>, <snowplow_tracker.self_describing_json.SelfDescribingJson object at 0x75a7fd488d40>, <snowplow_tracker.self_describing_json.SelfDescribingJson object at 0x75a7fcca9610>]}
[0m22:51:22.327499 [debug] [MainThread]: Flushing usage events
[0m22:51:37.823245 [debug] [MainThread]: An error was encountered while trying to flush usage events
[0m22:51:52.285092 [debug] [MainThread]: Sending event: {'category': 'dbt', 'action': 'invocation', 'label': 'start', 'context': [<snowplow_tracker.self_describing_json.SelfDescribingJson object at 0x7d3d288c0590>, <snowplow_tracker.self_describing_json.SelfDescribingJson object at 0x7d3d297c8da0>, <snowplow_tracker.self_describing_json.SelfDescribingJson object at 0x7d3d297cbb30>]}


============================== 22:51:52.299034 | 8bca87d1-e179-4142-8562-24762f2e430b ==============================
[0m22:51:52.299034 [info ] [MainThread]: Running with dbt=1.11.4
[0m22:51:52.300354 [debug] [MainThread]: running dbt with arguments {'write_json': 'True', 'log_format': 'default', 'cache_selected_only': 'False', 'partial_parse': 'True', 'send_anonymous_usage_stats': 'True', 'use_colors': 'True', 'warn_error_options': 'WarnErrorOptionsV2(error=[], warn=[], silence=[])', 'empty': 'None', 'printer_width': '80', 'no_print': 'None', 'version_check': 'True', 'log_cache_events': 'False', 'warn_error': 'None', 'indirect_selection': 'eager', 'debug': 'False', 'log_path': 'logs', 'fail_fast': 'False', 'quiet': 'False', 'invocation_command': 'dbt debug', 'target_path': 'None', 'static_parser': 'True', 'use_experimental_parser': 'False', 'profiles_dir': '/home/cabetico/.dbt', 'introspect': 'True'}
[0m22:51:52.557699 [info ] [MainThread]: dbt version: 1.11.4
[0m22:51:52.558915 [info ] [MainThread]: python version: 3.12.3
[0m22:51:52.559961 [info ] [MainThread]: python path: /mnt/c/Users/Carlos/Desktop/projects/data-engineering-zoomcamp-2026/04-analytics-engineering/.venv/bin/python3
[0m22:51:52.561120 [info ] [MainThread]: os info: Linux-6.6.87.2-microsoft-standard-WSL2-x86_64-with-glibc2.31
[0m22:53:25.947062 [error] [MainThread]: Encountered an error:

[0m22:53:26.047173 [error] [MainThread]: Traceback (most recent call last):
  File "/mnt/c/Users/Carlos/Desktop/projects/data-engineering-zoomcamp-2026/04-analytics-engineering/.venv/lib/python3.12/site-packages/dbt/cli/requires.py", line 182, in wrapper
    result, success = func(*args, **kwargs)
                      ^^^^^^^^^^^^^^^^^^^^^
  File "/mnt/c/Users/Carlos/Desktop/projects/data-engineering-zoomcamp-2026/04-analytics-engineering/.venv/lib/python3.12/site-packages/dbt/cli/requires.py", line 128, in wrapper
    return func(*args, **kwargs)
           ^^^^^^^^^^^^^^^^^^^^^
  File "/mnt/c/Users/Carlos/Desktop/projects/data-engineering-zoomcamp-2026/04-analytics-engineering/.venv/lib/python3.12/site-packages/dbt/cli/main.py", line 420, in debug
    results = task.run()
              ^^^^^^^^^^
  File "/mnt/c/Users/Carlos/Desktop/projects/data-engineering-zoomcamp-2026/04-analytics-engineering/.venv/lib/python3.12/site-packages/dbt/task/debug.py", line 114, in run
    load_profile_status: SubtaskStatus = self._load_profile()
                                         ^^^^^^^^^^^^^^^^^^^^
  File "/mnt/c/Users/Carlos/Desktop/projects/data-engineering-zoomcamp-2026/04-analytics-engineering/.venv/lib/python3.12/site-packages/dbt/task/debug.py", line 205, in _load_profile
    profile: Profile = Profile.render(
                       ^^^^^^^^^^^^^^^
  File "/mnt/c/Users/Carlos/Desktop/projects/data-engineering-zoomcamp-2026/04-analytics-engineering/.venv/lib/python3.12/site-packages/dbt/config/profile.py", line 404, in render
    return cls.from_raw_profiles(
           ^^^^^^^^^^^^^^^^^^^^^^
  File "/mnt/c/Users/Carlos/Desktop/projects/data-engineering-zoomcamp-2026/04-analytics-engineering/.venv/lib/python3.12/site-packages/dbt/config/profile.py", line 370, in from_raw_profiles
    return cls.from_raw_profile_info(
           ^^^^^^^^^^^^^^^^^^^^^^^^^^
  File "/mnt/c/Users/Carlos/Desktop/projects/data-engineering-zoomcamp-2026/04-analytics-engineering/.venv/lib/python3.12/site-packages/dbt/config/profile.py", line 326, in from_raw_profile_info
    credentials: Credentials = cls._credentials_from_profile(
                               ^^^^^^^^^^^^^^^^^^^^^^^^^^^^^^
  File "/mnt/c/Users/Carlos/Desktop/projects/data-engineering-zoomcamp-2026/04-analytics-engineering/.venv/lib/python3.12/site-packages/dbt/config/profile.py", line 150, in _credentials_from_profile
    cls = load_plugin(typename)
          ^^^^^^^^^^^^^^^^^^^^^
  File "/mnt/c/Users/Carlos/Desktop/projects/data-engineering-zoomcamp-2026/04-analytics-engineering/.venv/lib/python3.12/site-packages/dbt/adapters/factory.py", line 239, in load_plugin
    return FACTORY.load_plugin(name)
           ^^^^^^^^^^^^^^^^^^^^^^^^^
  File "/mnt/c/Users/Carlos/Desktop/projects/data-engineering-zoomcamp-2026/04-analytics-engineering/.venv/lib/python3.12/site-packages/dbt/adapters/factory.py", line 68, in load_plugin
    mod: Any = import_module("." + name, "dbt.adapters")
               ^^^^^^^^^^^^^^^^^^^^^^^^^^^^^^^^^^^^^^^^^
  File "/home/cabetico/.pyenv/versions/3.12.3/lib/python3.12/importlib/__init__.py", line 90, in import_module
    return _bootstrap._gcd_import(name[level:], package, level)
           ^^^^^^^^^^^^^^^^^^^^^^^^^^^^^^^^^^^^^^^^^^^^^^^^^^^^
  File "<frozen importlib._bootstrap>", line 1387, in _gcd_import
  File "<frozen importlib._bootstrap>", line 1360, in _find_and_load
  File "<frozen importlib._bootstrap>", line 1331, in _find_and_load_unlocked
  File "<frozen importlib._bootstrap>", line 935, in _load_unlocked
  File "<frozen importlib._bootstrap_external>", line 995, in exec_module
  File "<frozen importlib._bootstrap>", line 488, in _call_with_frames_removed
  File "/mnt/c/Users/Carlos/Desktop/projects/data-engineering-zoomcamp-2026/04-analytics-engineering/.venv/lib/python3.12/site-packages/dbt/adapters/bigquery/__init__.py", line 4, in <module>
    from dbt.adapters.bigquery.impl import BigQueryAdapter, GrantTarget, PartitionConfig
  File "/mnt/c/Users/Carlos/Desktop/projects/data-engineering-zoomcamp-2026/04-analytics-engineering/.venv/lib/python3.12/site-packages/dbt/adapters/bigquery/impl.py", line 70, in <module>
    from dbt.adapters.bigquery.python_submissions import (
  File "/mnt/c/Users/Carlos/Desktop/projects/data-engineering-zoomcamp-2026/04-analytics-engineering/.venv/lib/python3.12/site-packages/dbt/adapters/bigquery/python_submissions.py", line 28, in <module>
    from google.cloud.aiplatform import gapic as aiplatform_gapic
  File "/mnt/c/Users/Carlos/Desktop/projects/data-engineering-zoomcamp-2026/04-analytics-engineering/.venv/lib/python3.12/site-packages/google/cloud/aiplatform/__init__.py", line 34, in <module>
    from google.cloud.aiplatform import gapic
  File "/mnt/c/Users/Carlos/Desktop/projects/data-engineering-zoomcamp-2026/04-analytics-engineering/.venv/lib/python3.12/site-packages/google/cloud/aiplatform/gapic/__init__.py", line 20, in <module>
    from google.cloud.aiplatform.gapic import schema
  File "/mnt/c/Users/Carlos/Desktop/projects/data-engineering-zoomcamp-2026/04-analytics-engineering/.venv/lib/python3.12/site-packages/google/cloud/aiplatform/gapic/schema/__init__.py", line 18, in <module>
    from google.cloud.aiplatform.v1.schema import predict
  File "/mnt/c/Users/Carlos/Desktop/projects/data-engineering-zoomcamp-2026/04-analytics-engineering/.venv/lib/python3.12/site-packages/google/cloud/aiplatform/v1/schema/__init__.py", line 19, in <module>
    from google.cloud.aiplatform.v1.schema import trainingjob
  File "/mnt/c/Users/Carlos/Desktop/projects/data-engineering-zoomcamp-2026/04-analytics-engineering/.venv/lib/python3.12/site-packages/google/cloud/aiplatform/v1/schema/trainingjob/__init__.py", line 18, in <module>
    from google.cloud.aiplatform.v1.schema.trainingjob import definition
  File "/mnt/c/Users/Carlos/Desktop/projects/data-engineering-zoomcamp-2026/04-analytics-engineering/.venv/lib/python3.12/site-packages/google/cloud/aiplatform/v1/schema/trainingjob/definition/__init__.py", line 23, in <module>
    from google.cloud.aiplatform.v1.schema.trainingjob.definition_v1.types.automl_image_classification import (
  File "/mnt/c/Users/Carlos/Desktop/projects/data-engineering-zoomcamp-2026/04-analytics-engineering/.venv/lib/python3.12/site-packages/google/cloud/aiplatform/v1/schema/trainingjob/definition_v1/__init__.py", line 62, in <module>
    api_core.check_python_version("google.cloud.aiplatform.v1.schema.trainingjob.definition_v1")  # type: ignore
    ^^^^^^^^^^^^^^^^^^^^^^^^^^^^^^^^^^^^^^^^^^^^^^^^^^^^^^^^^^^^^^^^^^^^^^^^^^^^^^^^^^^^^^^^^^^^
  File "/mnt/c/Users/Carlos/Desktop/projects/data-engineering-zoomcamp-2026/04-analytics-engineering/.venv/lib/python3.12/site-packages/google/api_core/_python_version_support.py", line 210, in check_python_version
    package_label, _ = _get_distribution_and_import_packages(package)
                       ^^^^^^^^^^^^^^^^^^^^^^^^^^^^^^^^^^^^^^^^^^^^^^
  File "/mnt/c/Users/Carlos/Desktop/projects/data-engineering-zoomcamp-2026/04-analytics-engineering/.venv/lib/python3.12/site-packages/google/api_core/_python_version_support.py", line 189, in _get_distribution_and_import_packages
    distribution_package = _get_pypi_package_name(import_package)
                           ^^^^^^^^^^^^^^^^^^^^^^^^^^^^^^^^^^^^^^
  File "/mnt/c/Users/Carlos/Desktop/projects/data-engineering-zoomcamp-2026/04-analytics-engineering/.venv/lib/python3.12/site-packages/google/api_core/_python_version_support.py", line 171, in _get_pypi_package_name
    module_to_distributions = metadata.packages_distributions()
                              ^^^^^^^^^^^^^^^^^^^^^^^^^^^^^^^^^
  File "/home/cabetico/.pyenv/versions/3.12.3/lib/python3.12/importlib/metadata/__init__.py", line 947, in packages_distributions
    for pkg in _top_level_declared(dist) or _top_level_inferred(dist):
                                            ^^^^^^^^^^^^^^^^^^^^^^^^^
  File "/home/cabetico/.pyenv/versions/3.12.3/lib/python3.12/importlib/metadata/__init__.py", line 959, in _top_level_inferred
    for f in always_iterable(dist.files)
                             ^^^^^^^^^^
  File "/mnt/c/Users/Carlos/Desktop/projects/data-engineering-zoomcamp-2026/04-analytics-engineering/.venv/lib/python3.12/site-packages/importlib_metadata/__init__.py", line 604, in files
    return skip_missing_files(
           ^^^^^^^^^^^^^^^^^^^
  File "/mnt/c/Users/Carlos/Desktop/projects/data-engineering-zoomcamp-2026/04-analytics-engineering/.venv/lib/python3.12/site-packages/importlib_metadata/_functools.py", line 103, in wrapper
    return func(param, *args, **kwargs)
           ^^^^^^^^^^^^^^^^^^^^^^^^^^^^
  File "/mnt/c/Users/Carlos/Desktop/projects/data-engineering-zoomcamp-2026/04-analytics-engineering/.venv/lib/python3.12/site-packages/importlib_metadata/__init__.py", line 602, in skip_missing_files
    return list(filter(lambda path: path.locate().exists(), package_paths))
           ^^^^^^^^^^^^^^^^^^^^^^^^^^^^^^^^^^^^^^^^^^^^^^^^^^^^^^^^^^^^^^^^
  File "/mnt/c/Users/Carlos/Desktop/projects/data-engineering-zoomcamp-2026/04-analytics-engineering/.venv/lib/python3.12/site-packages/importlib_metadata/__init__.py", line 602, in <lambda>
    return list(filter(lambda path: path.locate().exists(), package_paths))
                                    ^^^^^^^^^^^^^^^^^^^^^^
  File "/home/cabetico/.pyenv/versions/3.12.3/lib/python3.12/pathlib.py", line 860, in exists
    self.stat(follow_symlinks=follow_symlinks)
  File "/home/cabetico/.pyenv/versions/3.12.3/lib/python3.12/pathlib.py", line 840, in stat
    return os.stat(self, follow_symlinks=follow_symlinks)
           ^^^^^^^^^^^^^^^^^^^^^^^^^^^^^^^^^^^^^^^^^^^^^^
KeyboardInterrupt

[0m22:53:26.049050 [debug] [MainThread]: Resource report: {"command_name": "debug", "command_success": false, "command_wall_clock_time": 93.85277, "process_in_blocks": "151112", "process_kernel_time": 10.32946, "process_mem_max_rss": "357836", "process_out_blocks": "8", "process_user_time": 10.299219}
[0m22:53:26.050396 [debug] [MainThread]: Command `dbt debug` failed at 22:53:26.050258 after 93.85 seconds
[0m22:53:26.051368 [debug] [MainThread]: Sending event: {'category': 'dbt', 'action': 'invocation', 'label': 'end', 'context': [<snowplow_tracker.self_describing_json.SelfDescribingJson object at 0x7d3d288c0590>, <snowplow_tracker.self_describing_json.SelfDescribingJson object at 0x7d3ce9c838c0>, <snowplow_tracker.self_describing_json.SelfDescribingJson object at 0x7d3ce9848d40>]}
[0m22:53:26.052368 [debug] [MainThread]: Flushing usage events
[0m22:56:53.094046 [debug] [MainThread]: Sending event: {'category': 'dbt', 'action': 'invocation', 'label': 'start', 'context': [<snowplow_tracker.self_describing_json.SelfDescribingJson object at 0x77dd7b0f1e20>, <snowplow_tracker.self_describing_json.SelfDescribingJson object at 0x77dd7a19d880>, <snowplow_tracker.self_describing_json.SelfDescribingJson object at 0x77dd7a19eb70>]}


============================== 22:56:53.108371 | a60aaa0e-2d78-45e6-888c-8497e5edde2c ==============================
[0m22:56:53.108371 [info ] [MainThread]: Running with dbt=1.11.4
[0m22:56:53.109831 [debug] [MainThread]: running dbt with arguments {'version_check': 'True', 'log_path': 'logs', 'warn_error': 'None', 'empty': 'None', 'send_anonymous_usage_stats': 'True', 'log_format': 'default', 'log_cache_events': 'False', 'indirect_selection': 'eager', 'write_json': 'True', 'warn_error_options': 'WarnErrorOptionsV2(error=[], warn=[], silence=[])', 'quiet': 'False', 'cache_selected_only': 'False', 'debug': 'False', 'use_experimental_parser': 'False', 'use_colors': 'True', 'introspect': 'True', 'fail_fast': 'False', 'invocation_command': 'dbt debug', 'profiles_dir': '/home/cabetico/.dbt', 'partial_parse': 'True', 'static_parser': 'True', 'printer_width': '80', 'no_print': 'None', 'target_path': 'None'}
[0m22:56:53.335446 [info ] [MainThread]: dbt version: 1.11.4
[0m22:56:53.336781 [info ] [MainThread]: python version: 3.12.3
[0m22:56:53.337901 [info ] [MainThread]: python path: /mnt/c/Users/Carlos/Desktop/projects/data-engineering-zoomcamp-2026/04-analytics-engineering/.venv/bin/python3
[0m22:56:53.338914 [info ] [MainThread]: os info: Linux-6.6.87.2-microsoft-standard-WSL2-x86_64-with-glibc2.31
[0m22:59:06.009651 [info ] [MainThread]: Using profiles dir at /home/cabetico/.dbt
[0m22:59:06.011169 [info ] [MainThread]: Using profiles.yml file at /home/cabetico/.dbt/profiles.yml
[0m22:59:06.012250 [info ] [MainThread]: Using dbt_project.yml file at /mnt/c/Users/Carlos/Desktop/projects/data-engineering-zoomcamp-2026/04-analytics-engineering/dbt_project.yml
[0m22:59:06.013384 [info ] [MainThread]: adapter type: bigquery
[0m22:59:06.014403 [info ] [MainThread]: adapter version: 1.11.0
[0m22:59:06.015541 [info ] [MainThread]: Configuration:
[0m22:59:06.016442 [info ] [MainThread]:   profiles.yml file [[32mOK found and valid[0m]
[0m22:59:06.017399 [info ] [MainThread]:   dbt_project.yml file [[31mERROR not found[0m]
[0m22:59:06.018387 [info ] [MainThread]: Required dependencies:
[0m22:59:06.019344 [debug] [MainThread]: Executing "git --help"
[0m22:59:06.037010 [debug] [MainThread]: STDOUT: "b"usage: git [-v | --version] [-h | --help] [-C <path>] [-c <name>=<value>]\n           [--exec-path[=<path>]] [--html-path] [--man-path] [--info-path]\n           [-p | --paginate | -P | --no-pager] [--no-replace-objects] [--bare]\n           [--git-dir=<path>] [--work-tree=<path>] [--namespace=<name>]\n           [--config-env=<name>=<envvar>] <command> [<args>]\n\nThese are common Git commands used in various situations:\n\nstart a working area (see also: git help tutorial)\n   clone     Clone a repository into a new directory\n   init      Create an empty Git repository or reinitialize an existing one\n\nwork on the current change (see also: git help everyday)\n   add       Add file contents to the index\n   mv        Move or rename a file, a directory, or a symlink\n   restore   Restore working tree files\n   rm        Remove files from the working tree and from the index\n\nexamine the history and state (see also: git help revisions)\n   bisect    Use binary search to find the commit that introduced a bug\n   diff      Show changes between commits, commit and working tree, etc\n   grep      Print lines matching a pattern\n   log       Show commit logs\n   show      Show various types of objects\n   status    Show the working tree status\n\ngrow, mark and tweak your common history\n   branch    List, create, or delete branches\n   commit    Record changes to the repository\n   merge     Join two or more development histories together\n   rebase    Reapply commits on top of another base tip\n   reset     Reset current HEAD to the specified state\n   switch    Switch branches\n   tag       Create, list, delete or verify a tag object signed with GPG\n\ncollaborate (see also: git help workflows)\n   fetch     Download objects and refs from another repository\n   pull      Fetch from and integrate with another repository or a local branch\n   push      Update remote refs along with associated objects\n\n'git help -a' and 'git help -g' list available subcommands and some\nconcept guides. See 'git help <command>' or 'git help <concept>'\nto read about a specific subcommand or concept.\nSee 'git help git' for an overview of the system.\n""
[0m22:59:06.038267 [debug] [MainThread]: STDERR: "b''"
[0m22:59:06.039372 [info ] [MainThread]:  - git [[32mOK found[0m]

[0m22:59:06.040501 [info ] [MainThread]: Connection:
[0m22:59:06.041544 [info ] [MainThread]:   method: service-account
[0m22:59:06.042484 [info ] [MainThread]:   database: dtc-de-340821
[0m22:59:06.043356 [info ] [MainThread]:   execution_project: dtc-de-340821
[0m22:59:06.044250 [info ] [MainThread]:   schema: zoomcamp
[0m22:59:06.045227 [info ] [MainThread]:   location: US
[0m22:59:06.046151 [info ] [MainThread]:   priority: interactive
[0m22:59:06.047598 [info ] [MainThread]:   maximum_bytes_billed: None
[0m22:59:06.049323 [info ] [MainThread]:   impersonate_service_account: None
[0m22:59:06.050619 [info ] [MainThread]:   job_retry_deadline_seconds: None
[0m22:59:06.051684 [info ] [MainThread]:   job_retries: 1
[0m22:59:06.052956 [info ] [MainThread]:   job_creation_timeout_seconds: None
[0m22:59:06.053971 [info ] [MainThread]:   job_execution_timeout_seconds: 60
[0m22:59:06.055055 [info ] [MainThread]:   timeout_seconds: 60
[0m22:59:06.056178 [info ] [MainThread]:   client_id: None
[0m22:59:06.057225 [info ] [MainThread]:   token_uri: None
[0m22:59:06.058198 [info ] [MainThread]:   compute_region: None
[0m22:59:06.059207 [info ] [MainThread]:   dataproc_cluster_name: None
[0m22:59:06.060409 [info ] [MainThread]:   gcs_bucket: None
[0m22:59:06.061867 [info ] [MainThread]:   dataproc_batch: None
[0m22:59:06.064826 [info ] [MainThread]: Registered adapter: bigquery=1.11.0
[0m22:59:37.668029 [debug] [MainThread]: Acquiring new bigquery connection 'debug'
[0m22:59:37.669129 [debug] [MainThread]: On debug: select 1 as id
[0m22:59:37.670126 [debug] [MainThread]: Opening a new connection, currently in state init
[0m22:59:37.671284 [debug] [MainThread]: BigQuery adapter: Got an error when attempting to create a bigquery " "client: '[Errno 2] No such file or directory: '~/documents/secrets/personal-gcp.json''
[0m22:59:37.672310 [debug] [MainThread]: BigQuery adapter: Unhandled error while running:
select 1 as id
[0m22:59:37.673273 [debug] [MainThread]: BigQuery adapter: Database Error
  [Errno 2] No such file or directory: '~/documents/secrets/personal-gcp.json'
[0m22:59:37.674283 [info ] [MainThread]:   Connection test: [[31mERROR[0m]

[0m22:59:37.675268 [info ] [MainThread]: [31m2 checks failed:[0m
[0m22:59:37.676295 [info ] [MainThread]: Project loading failed for the following reason:
 project path </mnt/c/Users/Carlos/Desktop/projects/data-engineering-zoomcamp-2026/04-analytics-engineering/dbt_project.yml> not found

[0m22:59:37.677445 [info ] [MainThread]: dbt was unable to connect to the specified database.
The database returned the following error:

  >'NoneType' object has no attribute 'close'

Check your database credentials and try again. For more information, visit:
https://docs.getdbt.com/docs/configure-your-profile


[0m22:59:37.684915 [debug] [MainThread]: Resource report: {"command_name": "debug", "command_success": false, "command_wall_clock_time": 164.6593, "process_in_blocks": "176384", "process_kernel_time": 17.901695, "process_mem_max_rss": "361824", "process_out_blocks": "0", "process_user_time": 13.946155}
[0m22:59:37.686929 [debug] [MainThread]: Command `dbt debug` failed at 22:59:37.686698 after 164.67 seconds
[0m22:59:37.688594 [debug] [MainThread]: Sending event: {'category': 'dbt', 'action': 'invocation', 'label': 'end', 'context': [<snowplow_tracker.self_describing_json.SelfDescribingJson object at 0x77dd798c2600>, <snowplow_tracker.self_describing_json.SelfDescribingJson object at 0x77dd38ee5640>, <snowplow_tracker.self_describing_json.SelfDescribingJson object at 0x77dd38c5c170>]}
[0m22:59:37.689661 [debug] [MainThread]: Flushing usage events
[0m22:59:53.204970 [debug] [MainThread]: An error was encountered while trying to flush usage events
[0m20:12:08.878458 [debug] [MainThread]: Sending event: {'category': 'dbt', 'action': 'invocation', 'label': 'start', 'context': [<snowplow_tracker.self_describing_json.SelfDescribingJson object at 0x77b6724de1b0>, <snowplow_tracker.self_describing_json.SelfDescribingJson object at 0x77b6724dd490>, <snowplow_tracker.self_describing_json.SelfDescribingJson object at 0x77b672bd07a0>]}


============================== 20:12:08.891561 | 3d617cb0-8cbb-474a-8951-0556d35d43f8 ==============================
[0m20:12:08.891561 [info ] [MainThread]: Running with dbt=1.11.4
[0m20:12:08.892852 [debug] [MainThread]: running dbt with arguments {'use_colors': 'True', 'quiet': 'False', 'printer_width': '80', 'send_anonymous_usage_stats': 'True', 'warn_error': 'None', 'empty': 'None', 'warn_error_options': 'WarnErrorOptionsV2(error=[], warn=[], silence=[])', 'log_cache_events': 'False', 'fail_fast': 'False', 'static_parser': 'True', 'debug': 'False', 'no_print': 'None', 'invocation_command': 'dbt debug', 'cache_selected_only': 'False', 'log_path': 'logs', 'version_check': 'True', 'write_json': 'True', 'introspect': 'True', 'indirect_selection': 'eager', 'target_path': 'None', 'profiles_dir': '/home/cabetico/.dbt', 'log_format': 'default', 'partial_parse': 'True', 'use_experimental_parser': 'False'}
[0m20:12:09.333358 [info ] [MainThread]: dbt version: 1.11.4
[0m20:12:09.334627 [info ] [MainThread]: python version: 3.12.3
[0m20:12:09.335558 [info ] [MainThread]: python path: /mnt/c/Users/Carlos/Desktop/projects/data-engineering-zoomcamp-2026/04-analytics-engineering/.venv/bin/python3
[0m20:12:09.336544 [info ] [MainThread]: os info: Linux-6.6.87.2-microsoft-standard-WSL2-x86_64-with-glibc2.31
[0m20:14:19.389936 [info ] [MainThread]: Using profiles dir at /home/cabetico/.dbt
[0m20:14:19.391716 [info ] [MainThread]: Using profiles.yml file at /home/cabetico/.dbt/profiles.yml
[0m20:14:19.392891 [info ] [MainThread]: Using dbt_project.yml file at /mnt/c/Users/Carlos/Desktop/projects/data-engineering-zoomcamp-2026/04-analytics-engineering/dbt_project.yml
[0m20:14:19.393990 [info ] [MainThread]: adapter type: bigquery
[0m20:14:19.394961 [info ] [MainThread]: adapter version: 1.11.0
[0m20:14:19.396099 [info ] [MainThread]: Configuration:
[0m20:14:19.397124 [info ] [MainThread]:   profiles.yml file [[32mOK found and valid[0m]
[0m20:14:19.398140 [info ] [MainThread]:   dbt_project.yml file [[31mERROR not found[0m]
[0m20:14:19.399068 [info ] [MainThread]: Required dependencies:
[0m20:14:19.400034 [debug] [MainThread]: Executing "git --help"
[0m20:14:19.422185 [debug] [MainThread]: STDOUT: "b"usage: git [-v | --version] [-h | --help] [-C <path>] [-c <name>=<value>]\n           [--exec-path[=<path>]] [--html-path] [--man-path] [--info-path]\n           [-p | --paginate | -P | --no-pager] [--no-replace-objects] [--bare]\n           [--git-dir=<path>] [--work-tree=<path>] [--namespace=<name>]\n           [--config-env=<name>=<envvar>] <command> [<args>]\n\nThese are common Git commands used in various situations:\n\nstart a working area (see also: git help tutorial)\n   clone     Clone a repository into a new directory\n   init      Create an empty Git repository or reinitialize an existing one\n\nwork on the current change (see also: git help everyday)\n   add       Add file contents to the index\n   mv        Move or rename a file, a directory, or a symlink\n   restore   Restore working tree files\n   rm        Remove files from the working tree and from the index\n\nexamine the history and state (see also: git help revisions)\n   bisect    Use binary search to find the commit that introduced a bug\n   diff      Show changes between commits, commit and working tree, etc\n   grep      Print lines matching a pattern\n   log       Show commit logs\n   show      Show various types of objects\n   status    Show the working tree status\n\ngrow, mark and tweak your common history\n   branch    List, create, or delete branches\n   commit    Record changes to the repository\n   merge     Join two or more development histories together\n   rebase    Reapply commits on top of another base tip\n   reset     Reset current HEAD to the specified state\n   switch    Switch branches\n   tag       Create, list, delete or verify a tag object signed with GPG\n\ncollaborate (see also: git help workflows)\n   fetch     Download objects and refs from another repository\n   pull      Fetch from and integrate with another repository or a local branch\n   push      Update remote refs along with associated objects\n\n'git help -a' and 'git help -g' list available subcommands and some\nconcept guides. See 'git help <command>' or 'git help <concept>'\nto read about a specific subcommand or concept.\nSee 'git help git' for an overview of the system.\n""
[0m20:14:19.423649 [debug] [MainThread]: STDERR: "b''"
[0m20:14:19.424739 [info ] [MainThread]:  - git [[32mOK found[0m]

[0m20:14:19.425772 [info ] [MainThread]: Connection:
[0m20:14:19.426777 [info ] [MainThread]:   method: service-account
[0m20:14:19.427708 [info ] [MainThread]:   database: dtc-de-340821
[0m20:14:19.428607 [info ] [MainThread]:   execution_project: dtc-de-340821
[0m20:14:19.429551 [info ] [MainThread]:   schema: zoomcamp
[0m20:14:19.430487 [info ] [MainThread]:   location: US
[0m20:14:19.431478 [info ] [MainThread]:   priority: interactive
[0m20:14:19.432490 [info ] [MainThread]:   maximum_bytes_billed: None
[0m20:14:19.433456 [info ] [MainThread]:   impersonate_service_account: None
[0m20:14:19.434469 [info ] [MainThread]:   job_retry_deadline_seconds: None
[0m20:14:19.435392 [info ] [MainThread]:   job_retries: 1
[0m20:14:19.436341 [info ] [MainThread]:   job_creation_timeout_seconds: None
[0m20:14:19.437276 [info ] [MainThread]:   job_execution_timeout_seconds: 60
[0m20:14:19.438402 [info ] [MainThread]:   timeout_seconds: 60
[0m20:14:19.439548 [info ] [MainThread]:   client_id: None
[0m20:14:19.440587 [info ] [MainThread]:   token_uri: None
[0m20:14:19.441603 [info ] [MainThread]:   compute_region: None
[0m20:14:19.442783 [info ] [MainThread]:   dataproc_cluster_name: None
[0m20:14:19.444357 [info ] [MainThread]:   gcs_bucket: None
[0m20:14:19.445544 [info ] [MainThread]:   dataproc_batch: None
[0m20:14:19.448527 [info ] [MainThread]: Registered adapter: bigquery=1.11.0
[0m20:14:50.976771 [debug] [MainThread]: Acquiring new bigquery connection 'debug'
[0m20:14:50.977916 [debug] [MainThread]: On debug: select 1 as id
[0m20:14:50.978917 [debug] [MainThread]: Opening a new connection, currently in state init
[0m20:14:52.362177 [debug] [MainThread]: BigQuery adapter: https://console.cloud.google.com/bigquery?project=dtc-de-340821&j=bq:US:858cffc0-4c77-415e-be59-ef3ba60dad77&page=queryresults
[0m20:14:52.580891 [debug] [MainThread]: SQL status: OK in 0.217 seconds
[0m20:14:58.435213 [info ] [MainThread]:   Connection test: [[32mOK connection ok[0m]

[0m20:14:58.436793 [info ] [MainThread]: [31m1 check failed:[0m
[0m20:14:58.437857 [info ] [MainThread]: Project loading failed for the following reason:
 project path </mnt/c/Users/Carlos/Desktop/projects/data-engineering-zoomcamp-2026/04-analytics-engineering/dbt_project.yml> not found

[0m20:14:58.439117 [debug] [MainThread]: Resource report: {"command_name": "debug", "command_success": false, "command_wall_clock_time": 169.64859, "process_in_blocks": "181464", "process_kernel_time": 18.183, "process_mem_max_rss": "369720", "process_out_blocks": "0", "process_user_time": 13.06642}
[0m20:14:58.440386 [debug] [MainThread]: Command `dbt debug` failed at 20:14:58.440245 after 169.65 seconds
[0m20:14:58.441372 [debug] [MainThread]: Connection 'debug' was properly closed.
[0m20:14:58.442593 [debug] [MainThread]: Sending event: {'category': 'dbt', 'action': 'invocation', 'label': 'end', 'context': [<snowplow_tracker.self_describing_json.SelfDescribingJson object at 0x77b6727aac00>, <snowplow_tracker.self_describing_json.SelfDescribingJson object at 0x77b6348db8f0>, <snowplow_tracker.self_describing_json.SelfDescribingJson object at 0x77b6316d7860>]}
[0m20:14:58.443628 [debug] [MainThread]: Flushing usage events
[0m20:14:59.174700 [debug] [MainThread]: An error was encountered while trying to flush usage events
